###############################################################################
#                                                                             #
# IAR ELF Linker V6.70.2.6274/W32 for ARM               14/Feb/2014  14:03:13 #
# Copyright 2007-2013 IAR Systems AB.                                         #
#                                                                             #
#    Output file  =  C:\Users\ProtoNova\programming\eece437\STM32F429I-Discov #
#                    ery_FW_V1.0.1\Projects\Peripheral_Examples\_EECE437_Base #
#                    \EWARM\Touch_Panel\Exe\Touch_Panel.out                   #
#    Map file     =  C:\Users\ProtoNova\programming\eece437\STM32F429I-Discov #
#                    ery_FW_V1.0.1\Projects\Peripheral_Examples\_EECE437_Base #
#                    \EWARM\Touch_Panel\List\Touch_Panel.map                  #
#    Command line =  "C:\Users\ProtoNova\programming\eece437\STM32F429I-Disco #
#                    very_FW_V1.0.1\Projects\Peripheral_Examples\_EECE437_Bas #
#                    e\EWARM\Touch_Panel\Obj\EECE 437 S14 Lab #1 Template.o"  #
#                    C:\Users\ProtoNova\programming\eece437\STM32F429I-Discov #
#                    ery_FW_V1.0.1\Projects\Peripheral_Examples\_EECE437_Base #
#                    \EWARM\Touch_Panel\Obj\misc.o                            #
#                    C:\Users\ProtoNova\programming\eece437\STM32F429I-Discov #
#                    ery_FW_V1.0.1\Projects\Peripheral_Examples\_EECE437_Base #
#                    \EWARM\Touch_Panel\Obj\startup_stm32f429_439xx.o         #
#                    C:\Users\ProtoNova\programming\eece437\STM32F429I-Discov #
#                    ery_FW_V1.0.1\Projects\Peripheral_Examples\_EECE437_Base #
#                    \EWARM\Touch_Panel\Obj\stm32f429i_discovery.o            #
#                    C:\Users\ProtoNova\programming\eece437\STM32F429I-Discov #
#                    ery_FW_V1.0.1\Projects\Peripheral_Examples\_EECE437_Base #
#                    \EWARM\Touch_Panel\Obj\stm32f429i_discovery_ioe.o        #
#                    C:\Users\ProtoNova\programming\eece437\STM32F429I-Discov #
#                    ery_FW_V1.0.1\Projects\Peripheral_Examples\_EECE437_Base #
#                    \EWARM\Touch_Panel\Obj\stm32f429i_discovery_l3gd20.o     #
#                    C:\Users\ProtoNova\programming\eece437\STM32F429I-Discov #
#                    ery_FW_V1.0.1\Projects\Peripheral_Examples\_EECE437_Base #
#                    \EWARM\Touch_Panel\Obj\stm32f429i_discovery_lcd.o        #
#                    C:\Users\ProtoNova\programming\eece437\STM32F429I-Discov #
#                    ery_FW_V1.0.1\Projects\Peripheral_Examples\_EECE437_Base #
#                    \EWARM\Touch_Panel\Obj\stm32f429i_discovery_sdram.o      #
#                    C:\Users\ProtoNova\programming\eece437\STM32F429I-Discov #
#                    ery_FW_V1.0.1\Projects\Peripheral_Examples\_EECE437_Base #
#                    \EWARM\Touch_Panel\Obj\stm32f4xx_adc.o                   #
#                    C:\Users\ProtoNova\programming\eece437\STM32F429I-Discov #
#                    ery_FW_V1.0.1\Projects\Peripheral_Examples\_EECE437_Base #
#                    \EWARM\Touch_Panel\Obj\stm32f4xx_dma.o                   #
#                    C:\Users\ProtoNova\programming\eece437\STM32F429I-Discov #
#                    ery_FW_V1.0.1\Projects\Peripheral_Examples\_EECE437_Base #
#                    \EWARM\Touch_Panel\Obj\stm32f4xx_dma2d.o                 #
#                    C:\Users\ProtoNova\programming\eece437\STM32F429I-Discov #
#                    ery_FW_V1.0.1\Projects\Peripheral_Examples\_EECE437_Base #
#                    \EWARM\Touch_Panel\Obj\stm32f4xx_exti.o                  #
#                    C:\Users\ProtoNova\programming\eece437\STM32F429I-Discov #
#                    ery_FW_V1.0.1\Projects\Peripheral_Examples\_EECE437_Base #
#                    \EWARM\Touch_Panel\Obj\stm32f4xx_fmc.o                   #
#                    C:\Users\ProtoNova\programming\eece437\STM32F429I-Discov #
#                    ery_FW_V1.0.1\Projects\Peripheral_Examples\_EECE437_Base #
#                    \EWARM\Touch_Panel\Obj\stm32f4xx_gpio.o                  #
#                    C:\Users\ProtoNova\programming\eece437\STM32F429I-Discov #
#                    ery_FW_V1.0.1\Projects\Peripheral_Examples\_EECE437_Base #
#                    \EWARM\Touch_Panel\Obj\stm32f4xx_i2c.o                   #
#                    C:\Users\ProtoNova\programming\eece437\STM32F429I-Discov #
#                    ery_FW_V1.0.1\Projects\Peripheral_Examples\_EECE437_Base #
#                    \EWARM\Touch_Panel\Obj\stm32f4xx_it.o                    #
#                    C:\Users\ProtoNova\programming\eece437\STM32F429I-Discov #
#                    ery_FW_V1.0.1\Projects\Peripheral_Examples\_EECE437_Base #
#                    \EWARM\Touch_Panel\Obj\stm32f4xx_ltdc.o                  #
#                    C:\Users\ProtoNova\programming\eece437\STM32F429I-Discov #
#                    ery_FW_V1.0.1\Projects\Peripheral_Examples\_EECE437_Base #
#                    \EWARM\Touch_Panel\Obj\stm32f4xx_rcc.o                   #
#                    C:\Users\ProtoNova\programming\eece437\STM32F429I-Discov #
#                    ery_FW_V1.0.1\Projects\Peripheral_Examples\_EECE437_Base #
#                    \EWARM\Touch_Panel\Obj\stm32f4xx_spi.o                   #
#                    C:\Users\ProtoNova\programming\eece437\STM32F429I-Discov #
#                    ery_FW_V1.0.1\Projects\Peripheral_Examples\_EECE437_Base #
#                    \EWARM\Touch_Panel\Obj\stm32f4xx_syscfg.o                #
#                    C:\Users\ProtoNova\programming\eece437\STM32F429I-Discov #
#                    ery_FW_V1.0.1\Projects\Peripheral_Examples\_EECE437_Base #
#                    \EWARM\Touch_Panel\Obj\system_stm32f4xx.o --redirect     #
#                    _Printf=_PrintfSmall --redirect _Scanf=_ScanfSmall -o    #
#                    C:\Users\ProtoNova\programming\eece437\STM32F429I-Discov #
#                    ery_FW_V1.0.1\Projects\Peripheral_Examples\_EECE437_Base #
#                    \EWARM\Touch_Panel\Exe\Touch_Panel.out --map             #
#                    C:\Users\ProtoNova\programming\eece437\STM32F429I-Discov #
#                    ery_FW_V1.0.1\Projects\Peripheral_Examples\_EECE437_Base #
#                    \EWARM\Touch_Panel\List\Touch_Panel.map --config         #
#                    C:\Users\ProtoNova\programming\eece437\STM32F429I-Discov #
#                    ery_FW_V1.0.1\Projects\Peripheral_Examples\_EECE437_Base #
#                    \EWARM\stm32f4xx_flash.icf --semihosting --entry         #
#                    __iar_program_start --vfe                                #
#                                                                             #
#                                                                             #
###############################################################################

*******************************************************************************
*** RUNTIME MODEL ATTRIBUTES
***

CppFlavor       = *
__SystemLibrary = DLib


*******************************************************************************
*** PLACEMENT SUMMARY
***

"A1":  place at 0x08000000 { ro section .intvec };
"P1":  place in [from 0x08000000 to 0x081fffff] { ro };
"P2":  place in [from 0x20000000 to 0x2002ffff] { rw, block CSTACK, block HEAP };

  Section            Kind        Address    Size  Object
  -------            ----        -------    ----  ------
"A1":                                      0x1ac
  .intvec            ro code  0x08000000   0x1ac  startup_stm32f429_439xx.o [1]
                            - 0x080001ac   0x1ac

"P1":                                     0x3864
  .rodata            const    0x080001ac  0x11d0  stm32f429i_discovery_lcd.o [1]
  .text              ro code  0x0800137c   0x960  stm32f429i_discovery_lcd.o [1]
  .text              ro code  0x08001cdc    0xa6  stm32f4xx_gpio.o [1]
  .text              ro code  0x08001d82    0x2e  copy_init3.o [5]
  .text              ro code  0x08001db0   0x184  stm32f4xx_rcc.o [1]
  .text              ro code  0x08001f34   0x2be  stm32f429i_discovery_sdram.o [1]
  .text              ro code  0x080021f2    0x22  zero_init3.o [5]
  .text              ro code  0x08002214   0x184  stm32f4xx_ltdc.o [1]
  .text              ro code  0x08002398    0xdc  stm32f4xx_dma2d.o [1]
  .text              ro code  0x08002474   0x11a  stm32f4xx_spi.o [1]
  .text              ro code  0x08002590   0x11c  stm32f4xx_fmc.o [1]
  .text              ro code  0x080026ac   0x5d0  stm32f429i_discovery_ioe.o [1]
  .text              ro code  0x08002c7c   0x1de  stm32f4xx_i2c.o [1]
  .text              ro code  0x08002e5c   0x524  EECE 437 S14 Lab #1 Template.o [1]
  .text              ro code  0x08003380   0x2a8  stm32f429i_discovery_l3gd20.o [1]
  .text              ro code  0x08003628   0x10c  system_stm32f4xx.o [1]
  .text              ro code  0x08003734    0x28  data_init.o [5]
  .iar.init_table    const    0x0800375c    0x24  - Linker created -
  .text              ro code  0x08003780    0x1a  fpinit_M.o [4]
  .text              ro code  0x0800379c    0x1a  cmain.o [5]
  .text              ro code  0x080037b6     0x4  low_level_init.o [3]
  .text              ro code  0x080037ba     0x4  exit.o [3]
  .text              ro code  0x080037c0     0xa  cexit.o [5]
  .text              ro code  0x080037cc    0x14  exit.o [6]
  .text              ro code  0x080037e0    0x14  stm32f4xx_it.o [1]
  .text              ro code  0x080037f4    0x10  startup_stm32f429_439xx.o [1]
  .text              ro code  0x08003804     0xc  cstartup_M.o [5]
  .text              ro code  0x08003810     0x4  startup_stm32f429_439xx.o [1]
  .text              ro code  0x08003814     0x4  startup_stm32f429_439xx.o [1]
  .text              ro code  0x08003818     0x4  startup_stm32f429_439xx.o [1]
  .text              ro code  0x0800381c     0x4  startup_stm32f429_439xx.o [1]
  .text              ro code  0x08003820     0x4  startup_stm32f429_439xx.o [1]
  .text              ro code  0x08003824     0x4  startup_stm32f429_439xx.o [1]
  .text              ro code  0x08003828     0x4  startup_stm32f429_439xx.o [1]
  .text              ro code  0x0800382c     0x4  startup_stm32f429_439xx.o [1]
  .text              ro code  0x08003830     0x4  startup_stm32f429_439xx.o [1]
  .text              ro code  0x08003834     0x4  startup_stm32f429_439xx.o [1]
  .text              ro code  0x08003838     0x4  startup_stm32f429_439xx.o [1]
  .text              ro code  0x0800383c     0x4  startup_stm32f429_439xx.o [1]
  .text              ro code  0x08003840     0x4  startup_stm32f429_439xx.o [1]
  .text              ro code  0x08003844     0x4  startup_stm32f429_439xx.o [1]
  .text              ro code  0x08003848     0x4  startup_stm32f429_439xx.o [1]
  .text              ro code  0x0800384c     0x4  startup_stm32f429_439xx.o [1]
  .text              ro code  0x08003850     0x4  startup_stm32f429_439xx.o [1]
  .text              ro code  0x08003854     0x4  startup_stm32f429_439xx.o [1]
  .text              ro code  0x08003858     0x4  startup_stm32f429_439xx.o [1]
  .text              ro code  0x0800385c     0x4  startup_stm32f429_439xx.o [1]
  .text              ro code  0x08003860     0x4  startup_stm32f429_439xx.o [1]
  .text              ro code  0x08003864     0x4  startup_stm32f429_439xx.o [1]
  .text              ro code  0x08003868     0x4  startup_stm32f429_439xx.o [1]
  .text              ro code  0x0800386c     0x4  startup_stm32f429_439xx.o [1]
  .text              ro code  0x08003870     0x4  startup_stm32f429_439xx.o [1]
  .text              ro code  0x08003874     0x4  startup_stm32f429_439xx.o [1]
  .text              ro code  0x08003878     0x4  startup_stm32f429_439xx.o [1]
  .text              ro code  0x0800387c     0x4  startup_stm32f429_439xx.o [1]
  .text              ro code  0x08003880     0x4  startup_stm32f429_439xx.o [1]
  .text              ro code  0x08003884     0x4  startup_stm32f429_439xx.o [1]
  .text              ro code  0x08003888     0x4  startup_stm32f429_439xx.o [1]
  .text              ro code  0x0800388c     0x4  startup_stm32f429_439xx.o [1]
  .text              ro code  0x08003890     0x4  startup_stm32f429_439xx.o [1]
  .text              ro code  0x08003894     0x4  startup_stm32f429_439xx.o [1]
  .text              ro code  0x08003898     0x4  startup_stm32f429_439xx.o [1]
  .text              ro code  0x0800389c     0x4  startup_stm32f429_439xx.o [1]
  .text              ro code  0x080038a0     0x4  startup_stm32f429_439xx.o [1]
  .text              ro code  0x080038a4     0x4  startup_stm32f429_439xx.o [1]
  .text              ro code  0x080038a8     0x4  startup_stm32f429_439xx.o [1]
  .text              ro code  0x080038ac     0x4  startup_stm32f429_439xx.o [1]
  .text              ro code  0x080038b0     0x4  startup_stm32f429_439xx.o [1]
  .text              ro code  0x080038b4     0x4  startup_stm32f429_439xx.o [1]
  .text              ro code  0x080038b8     0x4  startup_stm32f429_439xx.o [1]
  .text              ro code  0x080038bc     0x4  startup_stm32f429_439xx.o [1]
  .text              ro code  0x080038c0     0x4  startup_stm32f429_439xx.o [1]
  .text              ro code  0x080038c4     0x4  startup_stm32f429_439xx.o [1]
  .text              ro code  0x080038c8     0x4  startup_stm32f429_439xx.o [1]
  .text              ro code  0x080038cc     0x4  startup_stm32f429_439xx.o [1]
  .text              ro code  0x080038d0     0x4  startup_stm32f429_439xx.o [1]
  .text              ro code  0x080038d4     0x4  startup_stm32f429_439xx.o [1]
  .text              ro code  0x080038d8     0x4  startup_stm32f429_439xx.o [1]
  .text              ro code  0x080038dc     0x4  startup_stm32f429_439xx.o [1]
  .text              ro code  0x080038e0     0x4  startup_stm32f429_439xx.o [1]
  .text              ro code  0x080038e4     0x4  startup_stm32f429_439xx.o [1]
  .text              ro code  0x080038e8     0x4  startup_stm32f429_439xx.o [1]
  .text              ro code  0x080038ec     0x4  startup_stm32f429_439xx.o [1]
  .text              ro code  0x080038f0     0x4  startup_stm32f429_439xx.o [1]
  .text              ro code  0x080038f4     0x4  startup_stm32f429_439xx.o [1]
  .text              ro code  0x080038f8     0x4  startup_stm32f429_439xx.o [1]
  .text              ro code  0x080038fc     0x4  startup_stm32f429_439xx.o [1]
  .text              ro code  0x08003900     0x4  startup_stm32f429_439xx.o [1]
  .text              ro code  0x08003904     0x4  startup_stm32f429_439xx.o [1]
  .text              ro code  0x08003908     0x4  startup_stm32f429_439xx.o [1]
  .text              ro code  0x0800390c     0x4  startup_stm32f429_439xx.o [1]
  .text              ro code  0x08003910     0x4  startup_stm32f429_439xx.o [1]
  .text              ro code  0x08003914     0x4  startup_stm32f429_439xx.o [1]
  .text              ro code  0x08003918     0x4  startup_stm32f429_439xx.o [1]
  .text              ro code  0x0800391c     0x4  startup_stm32f429_439xx.o [1]
  .text              ro code  0x08003920     0x4  startup_stm32f429_439xx.o [1]
  .text              ro code  0x08003924     0x4  startup_stm32f429_439xx.o [1]
  .text              ro code  0x08003928     0x4  startup_stm32f429_439xx.o [1]
  .text              ro code  0x0800392c     0x4  startup_stm32f429_439xx.o [1]
  .text              ro code  0x08003930     0x4  startup_stm32f429_439xx.o [1]
  .text              ro code  0x08003934     0x4  startup_stm32f429_439xx.o [1]
  .text              ro code  0x08003938     0x4  startup_stm32f429_439xx.o [1]
  .text              ro code  0x0800393c     0x4  startup_stm32f429_439xx.o [1]
  .text              ro code  0x08003940     0x4  startup_stm32f429_439xx.o [1]
  .text              ro code  0x08003944     0x4  startup_stm32f429_439xx.o [1]
  .text              ro code  0x08003948     0x4  startup_stm32f429_439xx.o [1]
  .text              ro code  0x0800394c     0x4  startup_stm32f429_439xx.o [1]
  .text              ro code  0x08003950     0x4  startup_stm32f429_439xx.o [1]
  .text              ro code  0x08003954     0x4  startup_stm32f429_439xx.o [1]
  .text              ro code  0x08003958     0x4  startup_stm32f429_439xx.o [1]
  .text              ro code  0x0800395c     0x4  startup_stm32f429_439xx.o [1]
  .text              ro code  0x08003960     0x4  startup_stm32f429_439xx.o [1]
  .text              ro code  0x08003964     0x4  startup_stm32f429_439xx.o [1]
  .text              ro code  0x08003968     0x4  startup_stm32f429_439xx.o [1]
  .text              ro code  0x0800396c     0x4  startup_stm32f429_439xx.o [1]
  .text              ro code  0x08003970     0x4  startup_stm32f429_439xx.o [1]
  .text              ro code  0x08003974     0x4  startup_stm32f429_439xx.o [1]
  .text              ro code  0x08003978     0x4  startup_stm32f429_439xx.o [1]
  .rodata            const    0x0800397c     0x0  zero_init3.o [5]
  .rodata            const    0x0800397c     0x0  copy_init3.o [5]
  Initializer bytes  ro data  0x0800397c    0x94  <for P2 s0>
                            - 0x08003a10  0x3864

"P2", part 1 of 3:                          0x94
  P2 s0                       0x20000000    0x94  <Init block>
    .data            inited   0x20000000    0x64  EECE 437 S14 Lab #1 Template.o [1]
    .data            inited   0x20000064    0x18  stm32f429i_discovery_lcd.o [1]
    .data            inited   0x2000007c    0x10  stm32f4xx_rcc.o [1]
    .data            inited   0x2000008c     0x4  stm32f429i_discovery_ioe.o [1]
    .data            inited   0x20000090     0x4  stm32f429i_discovery_l3gd20.o [1]
                            - 0x20000094    0x94

"P2", part 2 of 3:                          0x14
  .bss               zero     0x20000094    0x10  stm32f429i_discovery_ioe.o [1]
  .bss               zero     0x200000a4     0x4  EECE 437 S14 Lab #1 Template.o [1]
                            - 0x200000a8    0x14

"P2", part 3 of 3:                         0x400
  CSTACK                      0x200000a8   0x400  <Block>
    CSTACK           uninit   0x200000a8   0x400  <Block tail>
                            - 0x200004a8   0x400


*******************************************************************************
*** INIT TABLE
***

          Address     Size
          -------     ----
Zero (__iar_zero_init3)
    1 destination range, total size 0x14:
          0x20000094  0x14

Copy (__iar_copy_init3)
    1 source range, total size 0x94:
          0x0800397c  0x94
    1 destination range, total size 0x94:
          0x20000000  0x94



*******************************************************************************
*** MODULE SUMMARY
***

    Module                          ro code  ro data  rw data
    ------                          -------  -------  -------
C:\Users\ProtoNova\programming\eece437\STM32F429I-Discovery_FW_V1.0.1\Projects\Peripheral_Examples\_EECE437_Base\EWARM\Touch_Panel\Obj: [1]
    EECE 437 S14 Lab #1 Template.o    1 316      100      104
    startup_stm32f429_439xx.o           808
    stm32f429i_discovery_ioe.o        1 488        4       20
    stm32f429i_discovery_l3gd20.o       680        4        4
    stm32f429i_discovery_lcd.o        2 400    4 584       24
    stm32f429i_discovery_sdram.o        702
    stm32f4xx_dma2d.o                   220
    stm32f4xx_fmc.o                     284
    stm32f4xx_gpio.o                    166
    stm32f4xx_i2c.o                     478
    stm32f4xx_it.o                       20
    stm32f4xx_ltdc.o                    388
    stm32f4xx_rcc.o                     388       16       16
    stm32f4xx_spi.o                     282
    system_stm32f4xx.o                  268
    ---------------------------------------------------------
    Total:                            9 888    4 708      168

command line: [2]
    ---------------------------------------------------------
    Total:

dl7M_tln.a: [3]
    exit.o                                4
    low_level_init.o                      4
    ---------------------------------------------------------
    Total:                                8

m7M_tlv.a: [4]
    fpinit_M.o                           26
    ---------------------------------------------------------
    Total:                               26

rt7M_tl.a: [5]
    cexit.o                              10
    cmain.o                              26
    copy_init3.o                         46
    cstartup_M.o                         12
    data_init.o                          40
    zero_init3.o                         34
    ---------------------------------------------------------
    Total:                              168

shb_l.a: [6]
    exit.o                               20
    ---------------------------------------------------------
    Total:                               20

    Gaps                                 10
    Linker created                                36    1 024
-------------------------------------------------------------
    Grand Total:                     10 120    4 744    1 192


*******************************************************************************
*** ENTRY LIST
***

Entry                      Address    Size  Type      Object
-----                      -------    ----  ----      ------
?main                   0x0800379d          Code  Gb  cmain.o [5]
APBAHBPrescTable        0x2000007c    0x10  Data  Lc  stm32f4xx_rcc.o [1]
ASCII16x24_Table        0x080001ac  0x11d0  Data  Gb  stm32f429i_discovery_lcd.o [1]
Buffer                  0x2000000c    0x18  Data  Gb  EECE 437 S14 Lab #1 Template.o [1]
BusFault_Handler        0x080037e7     0x2  Code  Gb  stm32f4xx_it.o [1]
CSTACK$$Base            0x200000a8           --   Gb  - Linker created -
CSTACK$$Limit           0x200004a8           --   Gb  - Linker created -
CurrentBackColor        0x20000066     0x2  Data  Lc  stm32f429i_discovery_lcd.o [1]
CurrentFrameBuffer      0x2000006c     0x4  Data  Lc  stm32f429i_discovery_lcd.o [1]
CurrentLayer            0x20000070     0x4  Data  Lc  stm32f429i_discovery_lcd.o [1]
CurrentTextColor        0x20000064     0x2  Data  Lc  stm32f429i_discovery_lcd.o [1]
DMA2D_DeInit            0x08002399    0x1a  Code  Gb  stm32f4xx_dma2d.o [1]
DMA2D_GetFlagStatus     0x08002459    0x10  Code  Gb  stm32f4xx_dma2d.o [1]
DMA2D_Init              0x080023b3    0x9a  Code  Gb  stm32f4xx_dma2d.o [1]
DMA2D_StartTransfer     0x0800244d     0xc  Code  Gb  stm32f4xx_dma2d.o [1]
DebugMon_Handler        0x080037ed     0x2  Code  Gb  stm32f4xx_it.o [1]
Delay                   0x080032ed    0x12  Code  Gb  EECE 437 S14 Lab #1 Template.o [1]
Demo_GyroReadAngRate    0x08003229    0xc0  Code  Lc  EECE 437 S14 Lab #1 Template.o [1]
FMC_GetFlagStatus       0x08002667    0x2e  Code  Gb  stm32f4xx_fmc.o [1]
FMC_SDRAMCmdConfig      0x08002641    0x1a  Code  Gb  stm32f4xx_fmc.o [1]
FMC_SDRAMInit           0x08002591    0xb0  Code  Gb  stm32f4xx_fmc.o [1]
FMC_SetRefreshCount     0x0800265b     0xc  Code  Gb  stm32f4xx_fmc.o [1]
Font16x24               0x20000074     0x8  Data  Gb  stm32f429i_discovery_lcd.o [1]
GPIO_Init               0x08001cdd    0x70  Code  Gb  stm32f4xx_gpio.o [1]
GPIO_PinAFConfig        0x08001d5f    0x24  Code  Gb  stm32f4xx_gpio.o [1]
GPIO_ResetBits          0x08001d51     0x4  Code  Gb  stm32f4xx_gpio.o [1]
GPIO_SetBits            0x08001d4d     0x4  Code  Gb  stm32f4xx_gpio.o [1]
GPIO_WriteBit           0x08001d55     0xa  Code  Gb  stm32f4xx_gpio.o [1]
Gyro                    0x20000000     0xc  Data  Gb  EECE 437 S14 Lab #1 Template.o [1]
HardFault_Handler       0x080037e3     0x2  Code  Gb  stm32f4xx_it.o [1]
I2C_AcknowledgeConfig   0x08002de1    0x14  Code  Gb  stm32f4xx_i2c.o [1]
I2C_Cmd                 0x08002d95    0x14  Code  Gb  stm32f4xx_i2c.o [1]
I2C_DeInit              0x08002c7d    0x52  Code  Gb  stm32f4xx_i2c.o [1]
I2C_GenerateSTART       0x08002da9    0x14  Code  Gb  stm32f4xx_i2c.o [1]
I2C_GenerateSTOP        0x08002dbd    0x14  Code  Gb  stm32f4xx_i2c.o [1]
I2C_GetFlagStatus       0x08002e27    0x34  Code  Gb  stm32f4xx_i2c.o [1]
I2C_Init                0x08002ccf    0xb0  Code  Gb  stm32f4xx_i2c.o [1]
I2C_NACKPositionConfig  0x08002e07    0x16  Code  Gb  stm32f4xx_i2c.o [1]
I2C_ReadDataBuffer      0x08002abb    0xce  Code  Gb  stm32f429i_discovery_ioe.o [1]
I2C_ReadDeviceRegister  0x080029e9    0xd2  Code  Gb  stm32f429i_discovery_ioe.o [1]
I2C_ReceiveData         0x08002e21     0x6  Code  Gb  stm32f4xx_i2c.o [1]
I2C_Send7bitAddress     0x08002dd1    0x10  Code  Gb  stm32f4xx_i2c.o [1]
I2C_SendData            0x08002e1d     0x4  Code  Gb  stm32f4xx_i2c.o [1]
I2C_SoftwareResetCmd    0x08002df5    0x12  Code  Gb  stm32f4xx_i2c.o [1]
I2C_WriteDeviceRegister
                        0x08002935    0xa2  Code  Gb  stm32f429i_discovery_ioe.o [1]
IOE_Config              0x080026ad    0x48  Code  Gb  stm32f429i_discovery_ioe.o [1]
IOE_FnctCmd             0x080027f1    0x1c  Code  Gb  stm32f429i_discovery_ioe.o [1]
IOE_GPIO_Config         0x080028af    0x86  Code  Lc  stm32f429i_discovery_ioe.o [1]
IOE_IOAFConfig          0x0800288b    0x1c  Code  Gb  stm32f429i_discovery_ioe.o [1]
IOE_IsOperational       0x08002797    0x28  Code  Gb  stm32f429i_discovery_ioe.o [1]
IOE_ReadID              0x080027db    0x16  Code  Gb  stm32f429i_discovery_ioe.o [1]
IOE_Reset               0x080027bf    0x14  Code  Gb  stm32f429i_discovery_ioe.o [1]
IOE_TP_Config           0x08002815    0x70  Code  Gb  stm32f429i_discovery_ioe.o [1]
IOE_TP_GetState         0x080026f5    0xa2  Code  Gb  stm32f429i_discovery_ioe.o [1]
IOE_TimeOut             0x2000008c     0x4  Data  Gb  stm32f429i_discovery_ioe.o [1]
IOE_TimeoutUserCallback
                        0x08002bcb    0x40  Code  Gb  stm32f429i_discovery_ioe.o [1]
L3GD20Timeout           0x20000090     0x4  Data  Gb  stm32f429i_discovery_l3gd20.o [1]
L3GD20_FilterCmd        0x0800340b    0x1e  Code  Gb  stm32f429i_discovery_l3gd20.o [1]
L3GD20_FilterConfig     0x080033d7    0x28  Code  Gb  stm32f429i_discovery_l3gd20.o [1]
L3GD20_Init             0x08003381    0x42  Code  Gb  stm32f429i_discovery_l3gd20.o [1]
L3GD20_LowLevel_Init    0x080034a5   0x112  Code  Lc  stm32f429i_discovery_l3gd20.o [1]
L3GD20_Read             0x0800345f    0x30  Code  Gb  stm32f429i_discovery_l3gd20.o [1]
L3GD20_SendByte         0x080035c1    0x52  Code  Lc  stm32f429i_discovery_l3gd20.o [1]
L3GD20_TIMEOUT_UserCallback
                        0x080032e9     0x4  Code  Gb  EECE 437 S14 Lab #1 Template.o [1]
L3GD20_Write            0x08003431    0x2e  Code  Gb  stm32f429i_discovery_l3gd20.o [1]
LCD_AF_GPIOConfig       0x08001b9b   0x108  Code  Lc  stm32f429i_discovery_lcd.o [1]
LCD_ChipSelect          0x080014c5    0x16  Code  Gb  stm32f429i_discovery_lcd.o [1]
LCD_Clear               0x0800150d    0x16  Code  Gb  stm32f429i_discovery_lcd.o [1]
LCD_ClearSection        0x080030d7    0x26  Code  Gb  EECE 437 S14 Lab #1 Template.o [1]
LCD_CtrlLinesConfig     0x08001a8f    0x42  Code  Gb  stm32f429i_discovery_lcd.o [1]
LCD_CtrlLinesWrite      0x08001ad5     0x4  Code  Gb  stm32f429i_discovery_lcd.o [1]
LCD_Currentfonts        0x20000068     0x4  Data  Lc  stm32f429i_discovery_lcd.o [1]
LCD_DisplayChar         0x080015a1    0x1c  Code  Gb  stm32f429i_discovery_lcd.o [1]
LCD_DisplayStringLine   0x080015bd    0x36  Code  Gb  stm32f429i_discovery_lcd.o [1]
LCD_DrawChar            0x08001529    0x78  Code  Gb  stm32f429i_discovery_lcd.o [1]
LCD_DrawCircle          0x08001651    0x84  Code  Gb  stm32f429i_discovery_lcd.o [1]
LCD_DrawFullCircle      0x08001741    0x6e  Code  Gb  stm32f429i_discovery_lcd.o [1]
LCD_DrawFullRect        0x080016d9    0x4e  Code  Gb  stm32f429i_discovery_lcd.o [1]
LCD_DrawLine            0x080015f3    0x5e  Code  Gb  stm32f429i_discovery_lcd.o [1]
LCD_GetFont             0x08001505     0x8  Code  Gb  stm32f429i_discovery_lcd.o [1]
LCD_Init                0x08001389    0x9c  Code  Gb  stm32f429i_discovery_lcd.o [1]
LCD_LayerInit           0x08001425    0xa0  Code  Gb  stm32f429i_discovery_lcd.o [1]
LCD_PowerOn             0x0800181d   0x26e  Code  Gb  stm32f429i_discovery_lcd.o [1]
LCD_SPIConfig           0x08001ad9    0xb8  Code  Gb  stm32f429i_discovery_lcd.o [1]
LCD_SetFont             0x080014fd     0x8  Code  Gb  stm32f429i_discovery_lcd.o [1]
LCD_SetLayer            0x080014db    0x1a  Code  Gb  stm32f429i_discovery_lcd.o [1]
LCD_SetTextColor        0x080014f5     0x8  Code  Gb  stm32f429i_discovery_lcd.o [1]
LCD_WriteCommand        0x080017bb     0x8  Code  Gb  stm32f429i_discovery_lcd.o [1]
LCD_WriteData           0x080017c3     0x6  Code  Gb  stm32f429i_discovery_lcd.o [1]
LTDC_Cmd                0x080022ab    0x16  Code  Gb  stm32f4xx_ltdc.o [1]
LTDC_DitherCmd          0x080022c1    0x14  Code  Gb  stm32f4xx_ltdc.o [1]
LTDC_Init               0x08002215    0x96  Code  Gb  stm32f4xx_ltdc.o [1]
LTDC_LayerCmd           0x0800236f    0x12  Code  Gb  stm32f4xx_ltdc.o [1]
LTDC_LayerInit          0x080022db    0x94  Code  Gb  stm32f4xx_ltdc.o [1]
LTDC_ReloadConfig       0x080022d5     0x6  Code  Gb  stm32f4xx_ltdc.o [1]
MemManage_Handler       0x080037e5     0x2  Code  Gb  stm32f4xx_it.o [1]
NMI_Handler             0x080037e1     0x2  Code  Gb  stm32f4xx_it.o [1]
PendSV_Handler          0x080037ef     0x2  Code  Gb  stm32f4xx_it.o [1]
RCC_AHB1PeriphClockCmd  0x08001e57    0x12  Code  Gb  stm32f4xx_rcc.o [1]
RCC_AHB1PeriphResetCmd  0x08001e9f    0x12  Code  Gb  stm32f4xx_rcc.o [1]
RCC_AHB3PeriphClockCmd  0x08001e69    0x12  Code  Gb  stm32f4xx_rcc.o [1]
RCC_APB1PeriphClockCmd  0x08001e7b    0x12  Code  Gb  stm32f4xx_rcc.o [1]
RCC_APB1PeriphResetCmd  0x08001eb1    0x12  Code  Gb  stm32f4xx_rcc.o [1]
RCC_APB2PeriphClockCmd  0x08001e8d    0x12  Code  Gb  stm32f4xx_rcc.o [1]
RCC_APB2PeriphResetCmd  0x08001ec3    0x12  Code  Gb  stm32f4xx_rcc.o [1]
RCC_Clocks              0x20000024    0x10  Data  Gb  EECE 437 S14 Lab #1 Template.o [1]
RCC_GetClocksFreq       0x08001dcd    0x80  Code  Gb  stm32f4xx_rcc.o [1]
RCC_GetFlagStatus       0x08001ed5    0x22  Code  Gb  stm32f4xx_rcc.o [1]
RCC_LTDCCLKDivConfig    0x08001e4d     0xa  Code  Gb  stm32f4xx_rcc.o [1]
RCC_PLLSAICmd           0x08001dc1     0x6  Code  Gb  stm32f4xx_rcc.o [1]
RCC_PLLSAIConfig        0x08001db1     0x8  Code  Gb  stm32f4xx_rcc.o [1]
Region$$Table$$Base     0x0800375c           --   Gb  - Linker created -
Region$$Table$$Limit    0x08003780           --   Gb  - Linker created -
SDRAM_GPIOConfig        0x08001f9d   0x160  Code  Gb  stm32f429i_discovery_sdram.o [1]
SDRAM_Init              0x08001f35    0x68  Code  Gb  stm32f429i_discovery_sdram.o [1]
SDRAM_InitSequence      0x0800211b    0x9e  Code  Gb  stm32f429i_discovery_sdram.o [1]
SPI_Cmd                 0x08002565    0x14  Code  Gb  stm32f4xx_spi.o [1]
SPI_I2S_DeInit          0x08002475    0xa0  Code  Gb  stm32f4xx_spi.o [1]
SPI_I2S_GetFlagStatus   0x08002581     0xe  Code  Gb  stm32f4xx_spi.o [1]
SPI_I2S_ReceiveData     0x08002579     0x4  Code  Gb  stm32f4xx_spi.o [1]
SPI_I2S_SendData        0x0800257d     0x4  Code  Gb  stm32f4xx_spi.o [1]
SPI_Init                0x08002515    0x38  Code  Gb  stm32f4xx_spi.o [1]
SVC_Handler             0x080037eb     0x2  Code  Gb  stm32f4xx_it.o [1]
SysTick_Handler         0x080037f1     0x4  Code  Gb  stm32f4xx_it.o [1]
SystemInit              0x08003629    0xea  Code  Gb  system_stm32f4xx.o [1]
TP_Config               0x080030fd   0x116  Code  Lc  EECE 437 S14 Lab #1 Template.o [1]
TP_State                0x20000094     0x8  Data  Gb  stm32f429i_discovery_ioe.o [1]
TimingDelay             0x200000a4     0x4  Data  Lc  EECE 437 S14 Lab #1 Template.o [1]
TimingDelay_Decrement   0x080032ff     0xe  Code  Gb  EECE 437 S14 Lab #1 Template.o [1]
UsageFault_Handler      0x080037e9     0x2  Code  Gb  stm32f4xx_it.o [1]
X_BiasError             0x20000034     0x4  Data  Gb  EECE 437 S14 Lab #1 Template.o [1]
Y_BiasError             0x20000038     0x4  Data  Gb  EECE 437 S14 Lab #1 Template.o [1]
Z_BiasError             0x2000003c     0x4  Data  Gb  EECE 437 S14 Lab #1 Template.o [1]
__cmain                 0x0800379d          Code  Gb  cmain.o [5]
__exit                  0x080037cd    0x14  Code  Gb  exit.o [6]
__iar_copy_init3        0x08001d83    0x2e  Code  Gb  copy_init3.o [5]
__iar_data_init3        0x08003735    0x28  Code  Gb  data_init.o [5]
__iar_init_vfp          0x08003781          Code  Gb  fpinit_M.o [4]
__iar_program_start     0x08003805          Code  Gb  cstartup_M.o [5]
__iar_zero_init3        0x080021f3    0x22  Code  Gb  zero_init3.o [5]
__low_level_init        0x080037b7     0x4  Code  Gb  low_level_init.o [3]
__vector_table          0x08000000          Data  Gb  startup_stm32f429_439xx.o [1]
_call_main              0x080037a9          Code  Gb  cmain.o [5]
_exit                   0x080037c1          Code  Gb  cexit.o [5]
_main                   0x080037b3          Code  Gb  cmain.o [5]
a1_ground               0x20000040     0x4  Data  Gb  EECE 437 S14 Lab #1 Template.o [1]
a1_y_position           0x20000048     0x4  Data  Gb  EECE 437 S14 Lab #1 Template.o [1]
a1_y_signal             0x20000044     0x4  Data  Gb  EECE 437 S14 Lab #1 Template.o [1]
a2_ground               0x2000004c     0x4  Data  Gb  EECE 437 S14 Lab #1 Template.o [1]
a2_y_position           0x20000054     0x4  Data  Gb  EECE 437 S14 Lab #1 Template.o [1]
a2_y_signal             0x20000050     0x4  Data  Gb  EECE 437 S14 Lab #1 Template.o [1]
amplification           0x20000058     0x4  Data  Gb  EECE 437 S14 Lab #1 Template.o [1]
delay                   0x08002c31    0x20  Code  Lc  stm32f429i_discovery_ioe.o [1]
delay                   0x08001cc1    0x1c  Code  Lc  stm32f429i_discovery_lcd.o [1]
exit                    0x080037bb     0x4  Code  Gb  exit.o [3]
main                    0x08002e5d   0x264  Code  Gb  EECE 437 S14 Lab #1 Template.o [1]
sample_rate             0x2000005c     0x4  Data  Gb  EECE 437 S14 Lab #1 Template.o [1]
time                    0x20000060     0x4  Data  Gb  EECE 437 S14 Lab #1 Template.o [1]


[1] = C:\Users\ProtoNova\programming\eece437\STM32F429I-Discovery_FW_V1.0.1\Projects\Peripheral_Examples\_EECE437_Base\EWARM\Touch_Panel\Obj
[2] = command line
[3] = dl7M_tln.a
[4] = m7M_tlv.a
[5] = rt7M_tl.a
[6] = shb_l.a

  10 120 bytes of readonly  code memory
   4 744 bytes of readonly  data memory
   1 192 bytes of readwrite data memory

Errors: none
Warnings: none
